// Jest Snapshot v1, https://goo.gl/fbAQLP

exports[`<Button /> should render the medium button by default 1`] = `
<button
  class="sc-beqWaB dyXRan"
>
  <span>
    Buy now
  </span>
</button>
`;
