// Jest Snapshot v1, https://goo.gl/fbAQLP

exports[`<CartList /> should render the cart list 1`] = `
<main
  class="sc-fbJfA jsFMjr"
>
  <div
    class="sc-jTrPJq hhrMYW"
  >
    <div
      class="sc-gLDzan HSuuX"
    >
      <div
        class="sc-iAEyYk jTLFYW"
      >
        <img
          alt="Red Dead Redemption 2"
          data-nimg="1"
          decoding="async"
          height="100"
          loading="lazy"
          src="/_next/image?url=http%3A%2F%2Flocalhost%3A1337%2Fuploads%2FImage_9620999b16.png&w=256&q=75"
          srcset="/_next/image?url=http%3A%2F%2Flocalhost%3A1337%2Fuploads%2FImage_9620999b16.png&w=128&q=75 1x, /_next/image?url=http%3A%2F%2Flocalhost%3A1337%2Fuploads%2FImage_9620999b16.png&w=256&q=75 2x"
          style="color: transparent;"
          title="Red Dead Redemption 2"
          width="100"
        />
      </div>
      <div
        class="sc-fsQiph grMEMd"
      >
        <h3
          class="sc-qRumB jWvEPu"
        >
          Red Dead Redemption 2
        </h3>
        <div
          class="sc-kFuwaP bYjEGb"
        >
          215
        </div>
      </div>
    </div>
  </div>
  <div
    class="sc-jTrPJq hhrMYW"
  >
    <div
      class="sc-gLDzan HSuuX"
    >
      <div
        class="sc-iAEyYk jTLFYW"
      >
        <img
          alt="Borderlands 3"
          data-nimg="1"
          decoding="async"
          height="100"
          loading="lazy"
          src="/_next/image?url=http%3A%2F%2Flocalhost%3A1337%2Fuploads%2FImage_9620999b16.png&w=256&q=75"
          srcset="/_next/image?url=http%3A%2F%2Flocalhost%3A1337%2Fuploads%2FImage_9620999b16.png&w=128&q=75 1x, /_next/image?url=http%3A%2F%2Flocalhost%3A1337%2Fuploads%2FImage_9620999b16.png&w=256&q=75 2x"
          style="color: transparent;"
          title="Borderlands 3"
          width="100"
        />
      </div>
      <div
        class="sc-fsQiph grMEMd"
      >
        <h3
          class="sc-qRumB jWvEPu"
        >
          Borderlands 3
        </h3>
        <div
          class="sc-kFuwaP bYjEGb"
        >
          215
        </div>
      </div>
    </div>
  </div>
  <div
    class="sc-brKeYL dJdCyI"
  >
    <span>
      Total:
    </span>
    <span
      class="sc-ktEKTO dDUwxx"
    >
      R$ 330,00
    </span>
  </div>
</main>
`;
